
> recreate isolated database short_drama_phase5_acceptance

[exit 0] recreate isolated database short_drama_phase5_acceptance
DROP DATABASE
CREATE DATABASE

> fresh apply database/init.sql [short_drama_phase5_acceptance]

[exit 0] fresh apply database/init.sql [short_drama_phase5_acceptance]

> fresh apply database/02-script-storyboard.sql [short_drama_phase5_acceptance]

[exit 0] fresh apply database/02-script-storyboard.sql [short_drama_phase5_acceptance]

> fresh apply database/03-visual-assets-images.sql [short_drama_phase5_acceptance]

[exit 0] fresh apply database/03-visual-assets-images.sql [short_drama_phase5_acceptance]

> fresh apply database/04-video-audio.sql [short_drama_phase5_acceptance]

[exit 0] fresh apply database/04-video-audio.sql [short_drama_phase5_acceptance]

> fresh apply database/05-edit-qc-publish.sql [short_drama_phase5_acceptance]

[exit 0] fresh apply database/05-edit-qc-publish.sql [short_drama_phase5_acceptance]

> fresh apply database/06-narrative-ir-foundation.sql [short_drama_phase5_acceptance]

[exit 0] fresh apply database/06-narrative-ir-foundation.sql [short_drama_phase5_acceptance]
 pg_advisory_xact_lock 
-----------------------
 
(1 row)


> fresh apply database/07-adaptation-compiler-audit.sql [short_drama_phase5_acceptance]

[exit 0] fresh apply database/07-adaptation-compiler-audit.sql [short_drama_phase5_acceptance]
 pg_advisory_xact_lock 
-----------------------
 
(1 row)


> fresh apply database/08-chapter-impact-analysis.sql [short_drama_phase5_acceptance]

[exit 0] fresh apply database/08-chapter-impact-analysis.sql [short_drama_phase5_acceptance]
 pg_advisory_xact_lock 
-----------------------
 
(1 row)


> fresh apply database/09-phase5-contract-corrections.sql [short_drama_phase5_acceptance]

[exit 0] fresh apply database/09-phase5-contract-corrections.sql [short_drama_phase5_acceptance]
 pg_advisory_xact_lock 
-----------------------
 
(1 row)


> fresh apply database/11-pgcrypto-runtime-prerequisite.sql [short_drama_phase5_acceptance]

[exit 0] fresh apply database/11-pgcrypto-runtime-prerequisite.sql [short_drama_phase5_acceptance]
 pg_advisory_xact_lock 
-----------------------
 
(1 row)


> fresh apply database/12-rolling-episode-production.sql [short_drama_phase5_acceptance]

[exit 0] fresh apply database/12-rolling-episode-production.sql [short_drama_phase5_acceptance]

> fresh apply database/13-adaptation-diagnostics-pacing-quality.sql [short_drama_phase5_acceptance]

[exit 0] fresh apply database/13-adaptation-diagnostics-pacing-quality.sql [short_drama_phase5_acceptance]
 pg_advisory_xact_lock 
-----------------------
 
(1 row)


> fresh apply database/14-multi-candidate-selection.sql [short_drama_phase5_acceptance]

[exit 0] fresh apply database/14-multi-candidate-selection.sql [short_drama_phase5_acceptance]
 pg_advisory_xact_lock 
-----------------------
 
(1 row)


> fresh apply database/15-local-editing-workbench.sql [short_drama_phase5_acceptance]

[exit 0] fresh apply database/15-local-editing-workbench.sql [short_drama_phase5_acceptance]
 pg_advisory_xact_lock 
-----------------------
 
(1 row)


> fresh apply database/16-performance-continuity-visual-qc.sql [short_drama_phase5_acceptance]

[exit 0] fresh apply database/16-performance-continuity-visual-qc.sql [short_drama_phase5_acceptance]
 pg_advisory_xact_lock 
-----------------------
 
(1 row)


> fresh apply database/17-post-production-creative-workbench.sql [short_drama_phase5_acceptance]

[exit 0] fresh apply database/17-post-production-creative-workbench.sql [short_drama_phase5_acceptance]
 pg_advisory_xact_lock 
-----------------------
 
(1 row)


> fresh apply database/18-effective-input-resolver.sql [short_drama_phase5_acceptance]

[exit 0] fresh apply database/18-effective-input-resolver.sql [short_drama_phase5_acceptance]
 pg_advisory_xact_lock 
-----------------------
 
(1 row)


> fresh apply database/19-unified-versioned-change-entry.sql [short_drama_phase5_acceptance]

[exit 0] fresh apply database/19-unified-versioned-change-entry.sql [short_drama_phase5_acceptance]
 pg_advisory_xact_lock 
-----------------------
 
(1 row)


> idempotent reapply database/init.sql [short_drama_phase5_acceptance]

[exit 0] idempotent reapply database/init.sql [short_drama_phase5_acceptance]

> idempotent reapply database/02-script-storyboard.sql [short_drama_phase5_acceptance]

[exit 0] idempotent reapply database/02-script-storyboard.sql [short_drama_phase5_acceptance]

> idempotent reapply database/03-visual-assets-images.sql [short_drama_phase5_acceptance]

[exit 0] idempotent reapply database/03-visual-assets-images.sql [short_drama_phase5_acceptance]

> idempotent reapply database/04-video-audio.sql [short_drama_phase5_acceptance]

[exit 0] idempotent reapply database/04-video-audio.sql [short_drama_phase5_acceptance]

> idempotent reapply database/05-edit-qc-publish.sql [short_drama_phase5_acceptance]

[exit 0] idempotent reapply database/05-edit-qc-publish.sql [short_drama_phase5_acceptance]

> idempotent reapply database/06-narrative-ir-foundation.sql [short_drama_phase5_acceptance]

[exit 0] idempotent reapply database/06-narrative-ir-foundation.sql [short_drama_phase5_acceptance]
 pg_advisory_xact_lock 
-----------------------
 
(1 row)

migration 06 already applied with matching checksum; no-op

> idempotent reapply database/07-adaptation-compiler-audit.sql [short_drama_phase5_acceptance]

[exit 0] idempotent reapply database/07-adaptation-compiler-audit.sql [short_drama_phase5_acceptance]
 pg_advisory_xact_lock 
-----------------------
 
(1 row)

migration 07 already applied with matching checksum; no-op

> idempotent reapply database/08-chapter-impact-analysis.sql [short_drama_phase5_acceptance]

[exit 0] idempotent reapply database/08-chapter-impact-analysis.sql [short_drama_phase5_acceptance]
 pg_advisory_xact_lock 
-----------------------
 
(1 row)

migration 08 already applied with matching checksum; no-op

> idempotent reapply database/09-phase5-contract-corrections.sql [short_drama_phase5_acceptance]

[exit 0] idempotent reapply database/09-phase5-contract-corrections.sql [short_drama_phase5_acceptance]
 pg_advisory_xact_lock 
-----------------------
 
(1 row)

migration 09 already applied with matching checksum; no-op

> idempotent reapply database/11-pgcrypto-runtime-prerequisite.sql [short_drama_phase5_acceptance]

[exit 0] idempotent reapply database/11-pgcrypto-runtime-prerequisite.sql [short_drama_phase5_acceptance]
 pg_advisory_xact_lock 
-----------------------
 
(1 row)


> idempotent reapply database/12-rolling-episode-production.sql [short_drama_phase5_acceptance]

[exit 0] idempotent reapply database/12-rolling-episode-production.sql [short_drama_phase5_acceptance]

> idempotent reapply database/13-adaptation-diagnostics-pacing-quality.sql [short_drama_phase5_acceptance]

[exit 0] idempotent reapply database/13-adaptation-diagnostics-pacing-quality.sql [short_drama_phase5_acceptance]
 pg_advisory_xact_lock 
-----------------------
 
(1 row)

migration 13 already applied with matching checksum; no-op

> idempotent reapply database/14-multi-candidate-selection.sql [short_drama_phase5_acceptance]

[exit 0] idempotent reapply database/14-multi-candidate-selection.sql [short_drama_phase5_acceptance]
 pg_advisory_xact_lock 
-----------------------
 
(1 row)

migration 14 already applied with matching checksum; no-op

> idempotent reapply database/15-local-editing-workbench.sql [short_drama_phase5_acceptance]

[exit 0] idempotent reapply database/15-local-editing-workbench.sql [short_drama_phase5_acceptance]
 pg_advisory_xact_lock 
-----------------------
 
(1 row)

migration 15 already applied with matching checksum; no-op

> idempotent reapply database/16-performance-continuity-visual-qc.sql [short_drama_phase5_acceptance]

[exit 0] idempotent reapply database/16-performance-continuity-visual-qc.sql [short_drama_phase5_acceptance]
 pg_advisory_xact_lock 
-----------------------
 
(1 row)

migration 16 already applied with matching checksum; no-op

> idempotent reapply database/17-post-production-creative-workbench.sql [short_drama_phase5_acceptance]

[exit 0] idempotent reapply database/17-post-production-creative-workbench.sql [short_drama_phase5_acceptance]
 pg_advisory_xact_lock 
-----------------------
 
(1 row)

migration 17 already applied with matching checksum; no-op

> idempotent reapply database/18-effective-input-resolver.sql [short_drama_phase5_acceptance]

[exit 0] idempotent reapply database/18-effective-input-resolver.sql [short_drama_phase5_acceptance]
 pg_advisory_xact_lock 
-----------------------
 
(1 row)

migration 18 already applied with matching checksum; no-op

> idempotent reapply database/19-unified-versioned-change-entry.sql [short_drama_phase5_acceptance]

[exit 0] idempotent reapply database/19-unified-versioned-change-entry.sql [short_drama_phase5_acceptance]
 pg_advisory_xact_lock 
-----------------------
 
(1 row)

migration 19 already applied with matching checksum; no-op

> verify database/06-verify-narrative-foundation.sql [short_drama_phase5_acceptance]

[exit 0] verify database/06-verify-narrative-foundation.sql [short_drama_phase5_acceptance]
     check_name      | result 
---------------------+--------
 phase1_verification | PASS
(1 row)

          entity          | row_count 
--------------------------+-----------
 adaptation_spec_versions |         2
 artifacts                |         0
 chapter_revisions        |       507
 invalidation_tasks       |         0
 narrative_fact_revisions |         0
 operations               |        14
 source_chapters          |       506
 source_spans             |         0
 source_versions          |         3
 source_works             |         3
(10 rows)


> verify database/07-verify-adaptation-compiler.sql [short_drama_phase5_acceptance]

[exit 0] verify database/07-verify-adaptation-compiler.sql [short_drama_phase5_acceptance]
 result | episode_plan_count | compiler_checkpoint_count 
--------+--------------------+---------------------------
 PASS   |                  0 |                         0
(1 row)


> verify database/08-verify-chapter-impact-analysis.sql [short_drama_phase5_acceptance]

[exit 0] verify database/08-verify-chapter-impact-analysis.sql [short_drama_phase5_acceptance]
        verification        | regeneration_requests | analyzed_change_sets 
----------------------------+-----------------------+----------------------
 chapter-impact-contract-ok |                     0 |                    0
(1 row)


> verify database/09-verify-phase5-contract-corrections.sql [short_drama_phase5_acceptance]

[exit 0] verify database/09-verify-phase5-contract-corrections.sql [short_drama_phase5_acceptance]
              result              
----------------------------------
 PASS phase5 contract corrections
(1 row)


> verify database/14-verify-multi-candidate-selection.sql [short_drama_phase5_acceptance]

[exit 0] verify database/14-verify-multi-candidate-selection.sql [short_drama_phase5_acceptance]
 result | candidate_set_count | candidate_count | selection_count 
--------+---------------------+-----------------+-----------------
 PASS   |                   0 |               0 |               0
(1 row)


> verify database/16-verify-performance-continuity-visual-qc.sql [short_drama_phase5_acceptance]

[exit 0] verify database/16-verify-performance-continuity-visual-qc.sql [short_drama_phase5_acceptance]
                              result                               
-------------------------------------------------------------------
 PASS phase 4 schema, generation gate, inheritance and QC locators
(1 row)


> verify database/17-verify-post-production-creative-workbench.sql [short_drama_phase5_acceptance]

[exit 0] verify database/17-verify-post-production-creative-workbench.sql [short_drama_phase5_acceptance]
                                   result                                    
-----------------------------------------------------------------------------
 PASS phase 5 lip sync, sound tasks, templates, lineage and workbench schema
(1 row)


> verify database/18-verify-effective-input-resolver.sql [short_drama_phase5_acceptance]

[exit 0] verify database/18-verify-effective-input-resolver.sql [short_drama_phase5_acceptance]
                      result                       
---------------------------------------------------
 PASS effective input resolver schema verification
(1 row)


> verify database/19-verify-unified-versioned-change-entry.sql [short_drama_phase5_acceptance]

[exit 0] verify database/19-verify-unified-versioned-change-entry.sql [short_drama_phase5_acceptance]
                     result                      
-------------------------------------------------
 phase19 unified versioned change entry verified
(1 row)


> Phase 5 core relation/performance acceptance [short_drama_phase5_acceptance]

[exit 0] Phase 5 core relation/performance acceptance [short_drama_phase5_acceptance]
       operation_id       | status  | retry_count 
--------------------------+---------+-------------
 operation_phase5_expired | pending |           1
(1 row)

       operation_id       | status | retry_count 
--------------------------+--------+-------------
 operation_phase5_expired | failed |           2
(1 row)

                                                                                       QUERY PLAN                                                                                        
-----------------------------------------------------------------------------------------------------------------------------------------------------------------------------------------
 Limit  (cost=66.81..66.82 rows=6 width=100) (actual time=0.054..0.055 rows=1 loops=1)
   Buffers: shared hit=9
   ->  Sort  (cost=66.81..66.82 rows=6 width=100) (actual time=0.053..0.054 rows=1 loops=1)
         Sort Key: membership.ordinal
         Sort Method: quicksort  Memory: 25kB
         Buffers: shared hit=9
         ->  Nested Loop  (cost=4.60..66.73 rows=6 width=100) (actual time=0.023..0.024 rows=1 loops=1)
               Buffers: shared hit=6
               ->  Bitmap Heap Scan on source_version_chapters membership  (cost=4.32..20.95 rows=6 width=68) (actual time=0.010..0.011 rows=1 loops=1)
                     Recheck Cond: (source_version_id = 'sv_phase5_core_v2'::text)
                     Heap Blocks: exact=1
                     Buffers: shared hit=3
                     ->  Bitmap Index Scan on idx_version_chapters_order  (cost=0.00..4.32 rows=6 width=0) (actual time=0.006..0.006 rows=1 loops=1)
                           Index Cond: (source_version_id = 'sv_phase5_core_v2'::text)
                           Buffers: shared hit=2
               ->  Index Scan using chapter_revisions_chapter_revision_id_key on chapter_revisions revision  (cost=0.28..7.63 rows=1 width=96) (actual time=0.010..0.010 rows=1 loops=1)
                     Index Cond: (chapter_revision_id = membership.chapter_revision_id)
                     Buffers: shared hit=3
 Planning:
   Buffers: shared hit=4
 Planning Time: 0.183 ms
 Execution Time: 0.116 ms
(22 rows)

                                       result                                       
------------------------------------------------------------------------------------
 PASS Phase 5 core relations, exact source span, isolation, recovery and query plan
(1 row)


> recreate isolated database short_drama_phase5_legacy_upgrade

[exit 0] recreate isolated database short_drama_phase5_legacy_upgrade
DROP DATABASE
CREATE DATABASE

> legacy base database/init.sql [short_drama_phase5_legacy_upgrade]

[exit 0] legacy base database/init.sql [short_drama_phase5_legacy_upgrade]

> legacy base database/02-script-storyboard.sql [short_drama_phase5_legacy_upgrade]

[exit 0] legacy base database/02-script-storyboard.sql [short_drama_phase5_legacy_upgrade]

> legacy base database/03-visual-assets-images.sql [short_drama_phase5_legacy_upgrade]

[exit 0] legacy base database/03-visual-assets-images.sql [short_drama_phase5_legacy_upgrade]

> legacy base database/04-video-audio.sql [short_drama_phase5_legacy_upgrade]

[exit 0] legacy base database/04-video-audio.sql [short_drama_phase5_legacy_upgrade]

> legacy base database/05-edit-qc-publish.sql [short_drama_phase5_legacy_upgrade]

[exit 0] legacy base database/05-edit-qc-publish.sql [short_drama_phase5_legacy_upgrade]

> seed explicit legacy IDs [short_drama_phase5_legacy_upgrade]

[exit 0] seed explicit legacy IDs [short_drama_phase5_legacy_upgrade]

> legacy upgrade database/06-narrative-ir-foundation.sql [short_drama_phase5_legacy_upgrade]

[exit 0] legacy upgrade database/06-narrative-ir-foundation.sql [short_drama_phase5_legacy_upgrade]
 pg_advisory_xact_lock 
-----------------------
 
(1 row)


> legacy upgrade database/07-adaptation-compiler-audit.sql [short_drama_phase5_legacy_upgrade]

[exit 0] legacy upgrade database/07-adaptation-compiler-audit.sql [short_drama_phase5_legacy_upgrade]
 pg_advisory_xact_lock 
-----------------------
 
(1 row)


> legacy upgrade database/08-chapter-impact-analysis.sql [short_drama_phase5_legacy_upgrade]

[exit 0] legacy upgrade database/08-chapter-impact-analysis.sql [short_drama_phase5_legacy_upgrade]
 pg_advisory_xact_lock 
-----------------------
 
(1 row)


> legacy upgrade database/09-phase5-contract-corrections.sql [short_drama_phase5_legacy_upgrade]

[exit 0] legacy upgrade database/09-phase5-contract-corrections.sql [short_drama_phase5_legacy_upgrade]
 pg_advisory_xact_lock 
-----------------------
 
(1 row)


> legacy upgrade database/11-pgcrypto-runtime-prerequisite.sql [short_drama_phase5_legacy_upgrade]

[exit 0] legacy upgrade database/11-pgcrypto-runtime-prerequisite.sql [short_drama_phase5_legacy_upgrade]
 pg_advisory_xact_lock 
-----------------------
 
(1 row)


> legacy upgrade database/12-rolling-episode-production.sql [short_drama_phase5_legacy_upgrade]

[exit 0] legacy upgrade database/12-rolling-episode-production.sql [short_drama_phase5_legacy_upgrade]

> legacy upgrade database/13-adaptation-diagnostics-pacing-quality.sql [short_drama_phase5_legacy_upgrade]

[exit 0] legacy upgrade database/13-adaptation-diagnostics-pacing-quality.sql [short_drama_phase5_legacy_upgrade]
 pg_advisory_xact_lock 
-----------------------
 
(1 row)


> legacy upgrade database/14-multi-candidate-selection.sql [short_drama_phase5_legacy_upgrade]

[exit 0] legacy upgrade database/14-multi-candidate-selection.sql [short_drama_phase5_legacy_upgrade]
 pg_advisory_xact_lock 
-----------------------
 
(1 row)


> legacy upgrade database/15-local-editing-workbench.sql [short_drama_phase5_legacy_upgrade]

[exit 0] legacy upgrade database/15-local-editing-workbench.sql [short_drama_phase5_legacy_upgrade]
 pg_advisory_xact_lock 
-----------------------
 
(1 row)


> legacy upgrade database/16-performance-continuity-visual-qc.sql [short_drama_phase5_legacy_upgrade]

[exit 2] legacy upgrade database/16-performance-continuity-visual-qc.sql [short_drama_phase5_legacy_upgrade]

> cleanup isolated database short_drama_phase5_acceptance

[exit 0] cleanup isolated database short_drama_phase5_acceptance
DROP DATABASE

> cleanup isolated database short_drama_phase5_legacy_upgrade

[exit 0] cleanup isolated database short_drama_phase5_legacy_upgrade
DROP DATABASE
